Content-Type: text/xml; charset=UTF-8

<?xml version='1.0' encoding="UTF-8" standalone="no" ?>
<WMS_Capabilities version="1.3.0"  xmlns="http://www.opengis.net/wms"   xmlns:sld="http://www.opengis.net/sld"   xmlns:xsi="http://www.w3.org/2001/XMLSchema-instance"   xmlns:ms="http://mapserver.gis.umn.edu/mapserver"   xsi:schemaLocation="http://www.opengis.net/wms http://schemas.opengis.net/wms/1.3.0/capabilities_1_3_0.xsd  http://www.opengis.net/sld http://schemas.opengis.net/sld/1.1.0/sld_capabilities.xsd  http://mapserver.gis.umn.edu/mapserver http://localhost/path/to/mapml?service=WMS&amp;version=1.3.0&amp;request=GetSchemaExtension">

<Service>
  <Name>WMS</Name>
  <Title>Test MapML</Title>
  <OnlineResource xmlns:xlink="http://www.w3.org/1999/xlink" xlink:href="http://localhost/path/to/mapml?"/>
  <ContactInformation>
  </ContactInformation>
  <MaxWidth>4096</MaxWidth>
  <MaxHeight>4096</MaxHeight>
</Service>

<Capability>
  <Request>
    <GetCapabilities>
      <Format>text/xml</Format>
      <DCPType>
        <HTTP>
          <Get><OnlineResource xmlns:xlink="http://www.w3.org/1999/xlink" xlink:href="http://localhost/path/to/mapml?"/></Get>
          <Post><OnlineResource xmlns:xlink="http://www.w3.org/1999/xlink" xlink:href="http://localhost/path/to/mapml?"/></Post>
        </HTTP>
      </DCPType>
    </GetCapabilities>
    <GetMap>
      <Format>image/png</Format>
      <Format>image/jpeg</Format>
      <Format>image/png; mode=8bit</Format>
      <Format>image/vnd.jpeg-png</Format>
      <Format>image/vnd.jpeg-png8</Format>
      <Format>application/x-pdf</Format>
      <Format>image/svg+xml</Format>
      <Format>image/tiff</Format>
      <Format>application/json</Format>
      <DCPType>
        <HTTP>
          <Get><OnlineResource xmlns:xlink="http://www.w3.org/1999/xlink" xlink:href="http://localhost/path/to/mapml?"/></Get>
          <Post><OnlineResource xmlns:xlink="http://www.w3.org/1999/xlink" xlink:href="http://localhost/path/to/mapml?"/></Post>
        </HTTP>
      </DCPType>
    </GetMap>
    <GetFeatureInfo>
      <Format>text/plain</Format>
      <Format>text/mapml</Format>
      <Format>application/vnd.ogc.gml</Format>
      <DCPType>
        <HTTP>
          <Get><OnlineResource xmlns:xlink="http://www.w3.org/1999/xlink" xlink:href="http://localhost/path/to/mapml?"/></Get>
          <Post><OnlineResource xmlns:xlink="http://www.w3.org/1999/xlink" xlink:href="http://localhost/path/to/mapml?"/></Post>
        </HTTP>
      </DCPType>
    </GetFeatureInfo>
    <sld:DescribeLayer>
      <Format>text/xml</Format>
      <DCPType>
        <HTTP>
          <Get><OnlineResource xmlns:xlink="http://www.w3.org/1999/xlink" xlink:href="http://localhost/path/to/mapml?"/></Get>
          <Post><OnlineResource xmlns:xlink="http://www.w3.org/1999/xlink" xlink:href="http://localhost/path/to/mapml?"/></Post>
        </HTTP>
      </DCPType>
    </sld:DescribeLayer>
    <sld:GetLegendGraphic>
      <Format>image/png</Format>
      <Format>image/jpeg</Format>
      <Format>image/png; mode=8bit</Format>
      <Format>image/vnd.jpeg-png</Format>
      <Format>image/vnd.jpeg-png8</Format>
      <DCPType>
        <HTTP>
          <Get><OnlineResource xmlns:xlink="http://www.w3.org/1999/xlink" xlink:href="http://localhost/path/to/mapml?"/></Get>
          <Post><OnlineResource xmlns:xlink="http://www.w3.org/1999/xlink" xlink:href="http://localhost/path/to/mapml?"/></Post>
        </HTTP>
      </DCPType>
    </sld:GetLegendGraphic>
    <ms:GetStyles>
      <Format>text/xml</Format>
      <DCPType>
        <HTTP>
          <Get><OnlineResource xmlns:xlink="http://www.w3.org/1999/xlink" xlink:href="http://localhost/path/to/mapml?"/></Get>
          <Post><OnlineResource xmlns:xlink="http://www.w3.org/1999/xlink" xlink:href="http://localhost/path/to/mapml?"/></Post>
        </HTTP>
      </DCPType>
    </ms:GetStyles>
    <GetMapML>
      <Format>text/mapml</Format>
      <DCPType>
        <HTTP>
          <Get><OnlineResource xmlns:xlink="http://www.w3.org/1999/xlink" xlink:href="http://localhost/path/to/mapml?"/></Get>
          <Post><OnlineResource xmlns:xlink="http://www.w3.org/1999/xlink" xlink:href="http://localhost/path/to/mapml?"/></Post>
        </HTTP>
      </DCPType>
    </GetMapML>
  </Request>
  <Exception>
    <Format>XML</Format>
    <Format>INIMAGE</Format>
    <Format>BLANK</Format>
  </Exception>
  <sld:UserDefinedSymbolization SupportSLD="1" UserLayer="0" UserStyle="1" RemoteWFS="0" InlineFeature="0" RemoteWCS="0"/>
  <Layer>
    <Name>WMS_MAPML</Name>
    <Title>Test MapML</Title>
    <Abstract>WMS_MAPML</Abstract>
    <CRS>EPSG:3978</CRS>
    <CRS>EPSG:3857</CRS>
    <CRS>EPSG:4269</CRS>
    <CRS>EPSG:4326</CRS>
    <EX_GeographicBoundingBox>
        <westBoundLongitude>-67.5725</westBoundLongitude>
        <eastBoundLongitude>-58.9275</eastBoundLongitude>
        <southBoundLatitude>42</southBoundLatitude>
        <northBoundLatitude>48.5</northBoundLatitude>
    </EX_GeographicBoundingBox>
    <BoundingBox CRS="EPSG:4326"
                minx="42" miny="-67.5725" maxx="48.5" maxy="-58.9275" />
    <Attribution>
        <Title>MapServer MapML Attribution Here</Title>
        <OnlineResource xmlns:xlink="http://www.w3.org/1999/xlink" xlink:href="http://some.host.com/attribution.html"/>
    </Attribution>
    <Layer>
      <Name>feature_group</Name>
      <Title>Feature Group</Title>
      <Abstract>feature_group</Abstract>
    <Style>
       <Name>default</Name>
       <Title>default</Title>
       <LegendURL width="85" height="35">
          <Format>image/png</Format>
          <OnlineResource xmlns:xlink="http://www.w3.org/1999/xlink" xlink:type="simple" xlink:href="http://localhost/path/to/mapml?version=1.3.0&amp;service=WMS&amp;request=GetLegendGraphic&amp;sld_version=1.1.0&amp;layer=feature_group&amp;format=image/png&amp;STYLE=default"/>
       </LegendURL>
    </Style>
      <Layer queryable="0" opaque="0" cascaded="0">
        <Name>province</Name>
        <Title>province</Title>
        <CRS>EPSG:3978</CRS>
        <EX_GeographicBoundingBox>
            <westBoundLongitude>-66.7243</westBoundLongitude>
            <eastBoundLongitude>-57.7217</eastBoundLongitude>
            <southBoundLatitude>41.7705</southBoundLatitude>
            <northBoundLatitude>48.4773</northBoundLatitude>
        </EX_GeographicBoundingBox>
        <BoundingBox CRS="EPSG:3978"
                    minx="2.25336e+06" miny="-76361.8" maxx="2.74765e+06" maxy="515489" />
        <MetadataURL type="TC211">
          <Format>text/xml</Format>
          <OnlineResource xmlns:xlink="http://www.w3.org/1999/xlink" xlink:type="simple" xlink:href="http://localhost/path/to/mapml?request=GetMetadata&amp;layer=province"/>
        </MetadataURL>
        <Style>
          <Name>default</Name>
          <Title>default</Title>
          <LegendURL width="85" height="20">
             <Format>image/png</Format>
             <OnlineResource xmlns:xlink="http://www.w3.org/1999/xlink" xlink:type="simple" xlink:href="http://localhost/path/to/mapml?version=1.3.0&amp;service=WMS&amp;request=GetLegendGraphic&amp;sld_version=1.1.0&amp;layer=province&amp;format=image/png&amp;STYLE=default"/>
          </LegendURL>
        </Style>
      </Layer>
      <Layer queryable="0" opaque="0" cascaded="0">
        <Name>popplace</Name>
        <Title>popplace</Title>
        <CRS>EPSG:3978</CRS>
        <EX_GeographicBoundingBox>
            <westBoundLongitude>-66.3286</westBoundLongitude>
            <eastBoundLongitude>-59.6882</eastBoundLongitude>
            <southBoundLatitude>42.5631</southBoundLatitude>
            <northBoundLatitude>47.9413</northBoundLatitude>
        </EX_GeographicBoundingBox>
        <BoundingBox CRS="EPSG:3978"
                    minx="2.2794e+06" miny="-55344.5" maxx="2.60038e+06" maxy="461587" />
        <MetadataURL type="TC211">
          <Format>text/xml</Format>
          <OnlineResource xmlns:xlink="http://www.w3.org/1999/xlink" xlink:type="simple" xlink:href="http://localhost/path/to/mapml?request=GetMetadata&amp;layer=popplace"/>
        </MetadataURL>
        <Style>
          <Name>default</Name>
          <Title>default</Title>
          <LegendURL width="68" height="20">
             <Format>image/png</Format>
             <OnlineResource xmlns:xlink="http://www.w3.org/1999/xlink" xlink:type="simple" xlink:href="http://localhost/path/to/mapml?version=1.3.0&amp;service=WMS&amp;request=GetLegendGraphic&amp;sld_version=1.1.0&amp;layer=popplace&amp;format=image/png&amp;STYLE=default"/>
          </LegendURL>
        </Style>
      </Layer>
    </Layer>
    <Layer queryable="0" opaque="0" cascaded="0">
        <Name>road</Name>
        <Title>road</Title>
        <CRS>EPSG:3978</CRS>
        <EX_GeographicBoundingBox>
            <westBoundLongitude>-66.6333</westBoundLongitude>
            <eastBoundLongitude>-59.2921</eastBoundLongitude>
            <southBoundLatitude>42.3821</southBoundLatitude>
            <northBoundLatitude>48.2955</northBoundLatitude>
        </EX_GeographicBoundingBox>
        <BoundingBox CRS="EPSG:3978"
                    minx="2.25898e+06" miny="-70747.9" maxx="2.61535e+06" maxy="495481" />
        <MetadataURL type="TC211">
          <Format>text/xml</Format>
          <OnlineResource xmlns:xlink="http://www.w3.org/1999/xlink" xlink:type="simple" xlink:href="http://localhost/path/to/mapml?request=GetMetadata&amp;layer=road"/>
        </MetadataURL>
        <Style>
          <Name>default</Name>
          <Title>default</Title>
          <LegendURL width="71" height="20">
             <Format>image/png</Format>
             <OnlineResource xmlns:xlink="http://www.w3.org/1999/xlink" xlink:type="simple" xlink:href="http://localhost/path/to/mapml?version=1.3.0&amp;service=WMS&amp;request=GetLegendGraphic&amp;sld_version=1.1.0&amp;layer=road&amp;format=image/png&amp;STYLE=default"/>
          </LegendURL>
        </Style>
    </Layer>
  </Layer>
</Capability>
</WMS_Capabilities>
