<mapml- xmlns="http://www.w3.org/1999/xhtml">
  <map-head>
    <map-title>province</map-title>
    <map-meta charset="UTF-8"/>
    <map-meta http-equiv="Content-Type" content="text/mapml;projection=OSMTILE"/>
    <map-link rel="license" href="http://some.host.com/attribution.html" title="MapServer MapML Attribution Here"/>
    <map-link rel="legend" href="http://localhost/path/to/mapml?SERVICE=WMS&amp;REQUEST=GetLegendGraphic&amp;VERSION=1.3.0&amp;FORMAT=image/png&amp;LAYER=province&amp;STYLE=&amp;SLD_VERSION=1.1.0"/>
    <map-link rel="alternate" projection="CBMTILE" href="http://localhost/path/to/mapml?SERVICE=WMS&amp;REQUEST=GetMapML&amp;LAYER=province&amp;STYLE=&amp;PROJECTION=CBMTILE"/>
    <map-link rel="alternate" projection="WGS84" href="http://localhost/path/to/mapml?SERVICE=WMS&amp;REQUEST=GetMapML&amp;LAYER=province&amp;STYLE=&amp;PROJECTION=WGS84"/>
  </map-head>
  <map-body>
    <map-extent units="OSMTILE">
      <map-input name="z" type="zoom" value="10" min="4" max="15"/>
      <map-input name="y" type="location" units="tilematrix" axis="row" min="0" max="32768"/>
      <map-input name="x" type="location" units="tilematrix" axis="column" min="0" max="32768"/>
      <map-link rel="tile" tref="http://localhost/path/to/mapml?mode=tile&amp;tilemode=gmap&amp;FORMAT=image/png&amp;LAYERS=province&amp;tile={x}+{y}+{z}&amp;m4h=t"/>
    </map-extent>
  </map-body>
</mapml->
