<mapml>
  <head>
    <title>province</title>
    <meta charset="UTF-8"/>
    <meta http-equiv="Content-Type" content="text/mapml;projection=WGS84"/>
    <link rel="license" href="http://some.host.com/attribution.html" title="MapServer MapML Attribution Here"/>
    <link rel="legend" href="http://localhost/path/to/mapml?SERVICE=WMS&amp;REQUEST=GetLegendGraphic&amp;VERSION=1.3.0&amp;FORMAT=image/png&amp;LAYER=province&amp;STYLE=&amp;SLD_VERSION=1.1.0"/>
    <link rel="alternate" projection="OSMTILE" href="http://localhost/path/to/mapml?SERVICE=WMS&amp;REQUEST=GetMapML&amp;LAYER=province&amp;STYLE=&amp;PROJECTION=OSMTILE"/>
    <link rel="alternate" projection="CBMTILE" href="http://localhost/path/to/mapml?SERVICE=WMS&amp;REQUEST=GetMapML&amp;LAYER=province&amp;STYLE=&amp;PROJECTION=CBMTILE"/>
  </head>
  <body>
    <extent units="WGS84">
      <input name="w" type="width"/>
      <input name="h" type="height"/>
      <input name="xmin" type="location" units="pcrs" position="top-left" axis="easting" min="-67.5725" max="-58.9275"/>
      <input name="ymin" type="location" units="pcrs" position="bottom-left" axis="northing" min="42" max="48.5"/>
      <input name="xmax" type="location" units="pcrs" position="top-right" axis="easting" min="-67.5725" max="-58.9275"/>
      <input name="ymax" type="location" units="pcrs" position="top-left" axis="northing" min="42" max="48.5"/>
      <link rel="image" tref="http://localhost/path/to/mapml?SERVICE=WMS&amp;REQUEST=GetMap&amp;FORMAT=image/png&amp;TRANSPARENT=TRUE&amp;VERSION=1.3.0&amp;LAYERS=province&amp;STYLES=&amp;WIDTH={w}&amp;HEIGHT={h}&amp;CRS=EPSG:4326&amp;BBOX={ymin},{xmin},{ymax},{xmax}&amp;m4h=t"/>
      <input name="i" type="location" axis="i" units="map" min="0" max="0"/>
      <input name="j" type="location" axis="j" units="map" min="0" max="0"/>
      <link rel="query" tref="http://localhost/path/to/mapml?SERVICE=WMS&amp;REQUEST=GetFeatureInfo&amp;INFO_FORMAT=text/mapml&amp;FEATURE_COUNT=1&amp;TRANSPARENT=TRUE&amp;VERSION=1.3.0&amp;LAYERS=province&amp;STYLES=&amp;QUERY_LAYERS=province&amp;WIDTH={w}&amp;HEIGHT={h}&amp;CRS=EPSG:4326&amp;BBOX={ymin},{xmin},{ymax},{xmax}&amp;x={i}&amp;y={j}&amp;m4h=t"/>
    </extent>
  </body>
</mapml>
