<mapml- xmlns="http://www.w3.org/1999/xhtml">
  <map-head>
    <map-title>province</map-title>
    <map-meta charset="UTF-8"/>
    <map-meta http-equiv="Content-Type" content="text/mapml;projection=OSMTILE"/>
    <map-link rel="license" href="http://some.host.com/attribution.html" title="MapServer MapML Attribution Here"/>
    <map-link rel="legend" href="http://localhost/path/to/mapml?SERVICE=WMS&amp;REQUEST=GetLegendGraphic&amp;VERSION=1.3.0&amp;FORMAT=image/png&amp;LAYER=province&amp;STYLE=&amp;SLD_VERSION=1.1.0"/>
    <map-link rel="alternate" projection="CBMTILE" href="http://localhost/path/to/mapml?SERVICE=WMS&amp;REQUEST=GetMapML&amp;LAYER=province&amp;STYLE=&amp;PROJECTION=CBMTILE"/>
    <map-link rel="alternate" projection="WGS84" href="http://localhost/path/to/mapml?SERVICE=WMS&amp;REQUEST=GetMapML&amp;LAYER=province&amp;STYLE=&amp;PROJECTION=WGS84"/>
  </map-head>
  <map-body>
    <map-extent units="OSMTILE">
      <map-input name="w" type="width"/>
      <map-input name="h" type="height"/>
      <map-input name="xmin" type="location" units="pcrs" position="top-left" axis="easting" min="-7.52214e+06" max="-6.55978e+06"/>
      <map-input name="ymin" type="location" units="pcrs" position="bottom-left" axis="northing" min="5.16098e+06" max="6.19044e+06"/>
      <map-input name="xmax" type="location" units="pcrs" position="top-right" axis="easting" min="-7.52214e+06" max="-6.55978e+06"/>
      <map-input name="ymax" type="location" units="pcrs" position="top-left" axis="northing" min="5.16098e+06" max="6.19044e+06"/>
      <map-link rel="image" tref="http://localhost/path/to/mapml?SERVICE=WMS&amp;REQUEST=GetMap&amp;FORMAT=image/png&amp;TRANSPARENT=TRUE&amp;VERSION=1.3.0&amp;LAYERS=province&amp;STYLES=&amp;WIDTH={w}&amp;HEIGHT={h}&amp;CRS=EPSG:3857&amp;BBOX={xmin},{ymin},{xmax},{ymax}&amp;m4h=t"/>
      <map-input name="i" type="location" axis="i" units="map" min="0" max="0"/>
      <map-input name="j" type="location" axis="j" units="map" min="0" max="0"/>
      <map-link rel="query" tref="http://localhost/path/to/mapml?SERVICE=WMS&amp;REQUEST=GetFeatureInfo&amp;INFO_FORMAT=text/mapml&amp;FEATURE_COUNT=1&amp;TRANSPARENT=TRUE&amp;VERSION=1.3.0&amp;LAYERS=province&amp;STYLES=&amp;QUERY_LAYERS=province&amp;WIDTH={w}&amp;HEIGHT={h}&amp;CRS=EPSG:3857&amp;BBOX={xmin},{ymin},{xmax},{ymax}&amp;x={i}&amp;y={j}&amp;m4h=t"/>
    </map-extent>
  </map-body>
</mapml->
