<mapml>
  <head>
    <title>popplace</title>
    <meta charset="UTF-8"/>
    <meta http-equiv="Content-Type" content="text/mapml;projection=OSMTILE"/>
    <link rel="license" href="http://some.host.com/attribution.html" title="MapServer MapML Attribution Here"/>
    <link rel="legend" href="http://localhost/path/to/mapml?SERVICE=WMS&amp;REQUEST=GetLegendGraphic&amp;VERSION=1.3.0&amp;FORMAT=image/png&amp;LAYER=popplace&amp;STYLE=&amp;SLD_VERSION=1.1.0"/>
    <link rel="alternate" projection="CBMTILE" href="http://localhost/path/to/mapml?SERVICE=WMS&amp;REQUEST=GetMapML&amp;LAYER=popplace&amp;STYLE=&amp;PROJECTION=CBMTILE"/>
    <link rel="alternate" projection="WGS84" href="http://localhost/path/to/mapml?SERVICE=WMS&amp;REQUEST=GetMapML&amp;LAYER=popplace&amp;STYLE=&amp;PROJECTION=WGS84"/>
  </head>
  <body>
    <extent units="OSMTILE">
      <input name="txmin" type="location" units="tilematrix" position="top-left" axis="easting" min="-7.52214e+06" max="-6.55978e+06"/>
      <input name="tymin" type="location" units="tilematrix" position="bottom-left" axis="northing" min="5.16098e+06" max="6.19044e+06"/>
      <input name="txmax" type="location" units="tilematrix" position="top-right" axis="easting" min="-7.52214e+06" max="-6.55978e+06"/>
      <input name="tymax" type="location" units="tilematrix" position="top-left" axis="northing" min="5.16098e+06" max="6.19044e+06"/>
      <link rel="tile" tref="http://localhost/path/to/mapml?SERVICE=WMS&amp;REQUEST=GetMap&amp;FORMAT=image/jpeg&amp;TRANSPARENT=TRUE&amp;VERSION=1.3.0&amp;LAYERS=popplace&amp;STYLES=&amp;WIDTH=256&amp;HEIGHT=256&amp;CRS=EPSG:3857&amp;BBOX={txmin},{tymin},{txmax},{tymax}&amp;m4h=t"/>
    </extent>
  </body>
</mapml>
